Microchip MPLAB XC8 Compiler V1.35 ()

Linker command line:

--edf=/Applications/microchip/xc8/v1.35/dat/en_msgs.txt -cs \
  -h+dist/default/production/SoundBombePSV1.X.production.sym \
  --cmf=dist/default/production/SoundBombePSV1.X.production.cmf -z \
  -Q16F1827 -o/tmp/xcvNNSgIC \
  -Mdist/default/production/SoundBombePSV1.X.production.map -E1 -ver=XC8 \
  -ASTACK=02074h-0216fh -pstack=STACK -ACODE=00h-07FFhx2 \
  -ASTRCODE=00h-0FFFh -ASTRING=00h-0FFhx16 -ACONST=00h-0FFhx16 \
  -AENTRY=00h-0FFhx16 -ACOMMON=070h-07Fh -ABANK0=020h-06Fh \
  -ABANK1=0A0h-0EFh -ABANK2=0120h-016Fh -ABANK3=01A0h-01EFh \
  -ABANK4=0220h-024Fh -ABIGRAM=02000h-0216Fh \
  -ARAM=020h-06Fh,0A0h-0EFh,0120h-016Fh,01A0h-01EFh,0220h-024Fh \
  -AABS1=020h-07Fh,0A0h-0EFh,0120h-016Fh,01A0h-01EFh,0220h-024Fh \
  -ASFR0=00h-01Fh -ASFR1=080h-09Fh -ASFR2=0100h-011Fh -ASFR3=0180h-019Fh \
  -ASFR4=0200h-021Fh -ASFR5=0280h-02EFh -ASFR6=0300h-036Fh \
  -ASFR7=0380h-03EFh -ASFR8=0400h-046Fh -ASFR9=0480h-04EFh \
  -ASFR10=0500h-056Fh -ASFR11=0580h-05EFh -ASFR12=0600h-066Fh \
  -ASFR13=0680h-06EFh -ASFR14=0700h-076Fh -ASFR15=0780h-07EFh \
  -ASFR16=0800h-086Fh -ASFR17=0880h-08EFh -ASFR18=0900h-096Fh \
  -ASFR19=0980h-09EFh -ASFR20=0A00h-0A6Fh -ASFR21=0A80h-0AEFh \
  -ASFR22=0B00h-0B6Fh -ASFR23=0B80h-0BEFh -ASFR24=0C00h-0C6Fh \
  -ASFR25=0C80h-0CEFh -ASFR26=0D00h-0D6Fh -ASFR27=0D80h-0DEFh \
  -ASFR28=0E00h-0E6Fh -ASFR29=0E80h-0EEFh -ASFR30=0F00h-0F6Fh \
  -ASFR31=0F80h-0FEFh -preset_vec=00h,intentry=04h,init,end_init \
  -ppowerup=CODE -pcinit=CODE -pfunctab=CODE -ACONFIG=08007h-08008h \
  -pconfig=CONFIG -DCONFIG=2 -AIDLOC=08000h-08003h -pidloc=IDLOC -DIDLOC=2 \
  -AEEDATA=00h-0FFh/0F000h -peeprom_data=EEDATA -DEEDATA=2 -DCODE=2 \
  -DSTRCODE=2 -DSTRING=2 -DCONST=2 -DENTRY=2 -k /tmp/xcXxDOJNs.obj \
  dist/default/production/SoundBombePSV1.X.production.obj 

Object code version is 3.11

Machine type is 16F1827



                Name                               Link     Load   Length Selector   Space Scale
/tmp/xcXxDOJNs.obj
                end_init                             2F       2F        2        8       0
                reset_vec                             0        0        2        0       0
                config                             8007     8007        2    1000E       0
dist/default/production/SoundBombePSV1.X.production.obj
                cinit                                31       31       20        8       0
                intentry                              4        4       2B        8       0
                text37                              7FF      7FF        1      F42       0
                text36                              7CE      7CE       14      F42       0
                text35                              7A1      7A1       18      F42       0
                swtext1                             789      789       18      F12       0
                text34                               51       51      14F        8       0
                text33                              F82      F82        3     1F04       0
                text32                              F85      F85        3     1F0A       0
                text31                              F88      F88        3     1F10       0
                text30                              59B      59B       64        8       0
                text29                              1A0      1A0       F6        8       0
                text28                              351      351       B4        8       0
                text27                              FAE      FAE        9     1F5C       0
                text26                              4AE      4AE       87        8       0
                text25                              72D      72D       24        8       0
                text24                              6AA      6AA       30        8       0
                text23                              7B9      7B9       15      F42       0
                text22                              751      751       20        8       0
                text21                              405      405       A9        8       0
                text20                              63C      63C       3B        8       0
                text19                              535      535       66        8       0
                text18                              296      296       BB        8       0
                text17                              F8E      F8E        5     1F1C       0
                text16                              6DA      6DA       2D        8       0
                text15                              7F3      7F3        C      F42       0
                text14                              FB7      FB7        A     1F6E       0
                text13                              FEF      FEF       11     1FDE       0
                text12                              FC1      FC1        A     1F82       0
                text11                              FCB      FCB        A     1F96       0
                text10                              5FF      5FF       3D        8       0
                text9                               677      677       33        8       0
                text8                               F9F      F9F        7     1F3E       0
                text6                               FA6      FA6        8     1F4C       0
                text5                               771      771       18        8       0
                text4                               F93      F93        6     1F26       0
                text3                               707      707       26        8       0
                text2                               FD5      FD5        B     1FAA       0
                text1                               FE0      FE0        F     1FC0       0
                maintext                            7E2      7E2       11      F42       0
                cstackBANK0                          20       20       47       20       1
                cstackCOMMON                         70       70        E       70       1
                cstackBANK1                          C1       C1        3       A0       1
                clrtext                             F99      F99        6     1F32       0
                dataBANK1                            BE       BE        3       A0       1
                bssBANK1                             A0       A0       1E       A0       1
                bssBANK0                             67       67        9       20       1
                idataBANK1                          F8B      F8B        3     1F16       0

TOTAL           Name                               Link     Load   Length     Space
        CLASS   STACK          

        CLASS   CODE           
                end_init                             2F       2F        2         0
                cinit                                31       31       20         0
                intentry                              4        4       2B         0
                reset_vec                             0        0        2         0
                text37                              7FF      7FF        1         0
                text36                              7CE      7CE       14         0
                text35                              7A1      7A1       18         0
                text34                               51       51      14F         0
                text33                              F82      F82        3         0
                text32                              F85      F85        3         0
                text31                              F88      F88        3         0
                text30                              59B      59B       64         0
                text29                              1A0      1A0       F6         0
                text28                              351      351       B4         0
                text27                              FAE      FAE        9         0
                text26                              4AE      4AE       87         0
                text25                              72D      72D       24         0
                text24                              6AA      6AA       30         0
                text23                              7B9      7B9       15         0
                text22                              751      751       20         0
                text21                              405      405       A9         0
                text20                              63C      63C       3B         0
                text19                              535      535       66         0
                text18                              296      296       BB         0
                text17                              F8E      F8E        5         0
                text16                              6DA      6DA       2D         0
                text15                              7F3      7F3        C         0
                text14                              FB7      FB7        A         0
                text13                              FEF      FEF       11         0
                text12                              FC1      FC1        A         0
                text11                              FCB      FCB        A         0
                text10                              5FF      5FF       3D         0
                text9                               677      677       33         0
                text8                               F9F      F9F        7         0
                text6                               FA6      FA6        8         0
                text5                               771      771       18         0
                text4                               F93      F93        6         0
                text3                               707      707       26         0
                text2                               FD5      FD5        B         0
                text1                               FE0      FE0        F         0
                maintext                            7E2      7E2       11         0
                clrtext                             F99      F99        6         0
                idataBANK1                          F8B      F8B        3         0

        CLASS   STRCODE        

        CLASS   STRING         

        CLASS   CONST          
                swtext1                             789      789       18         0

        CLASS   ENTRY          

        CLASS   COMMON         
                cstackCOMMON                         70       70        E         1

        CLASS   BANK0          
                cstackBANK0                          20       20       47         1
                bssBANK0                             67       67        9         1

        CLASS   BANK1          
                cstackBANK1                          C1       C1        3         1
                dataBANK1                            BE       BE        3         1
                bssBANK1                             A0       A0       1E         1

        CLASS   BANK2          

        CLASS   BANK3          

        CLASS   BANK4          

        CLASS   BIGRAM         

        CLASS   RAM            

        CLASS   ABS1           
                abs_s1                               7E       7E        2         1

        CLASS   SFR0           

        CLASS   SFR1           

        CLASS   SFR2           

        CLASS   SFR3           

        CLASS   SFR4           

        CLASS   SFR5           

        CLASS   SFR6           

        CLASS   SFR7           

        CLASS   SFR8           

        CLASS   SFR9           

        CLASS   SFR10          

        CLASS   SFR11          

        CLASS   SFR12          

        CLASS   SFR13          

        CLASS   SFR14          

        CLASS   SFR15          

        CLASS   SFR16          

        CLASS   SFR17          

        CLASS   SFR18          

        CLASS   SFR19          

        CLASS   SFR20          

        CLASS   SFR21          

        CLASS   SFR22          

        CLASS   SFR23          

        CLASS   SFR24          

        CLASS   SFR25          

        CLASS   SFR26          

        CLASS   SFR27          

        CLASS   SFR28          

        CLASS   SFR29          

        CLASS   SFR30          

        CLASS   SFR31          

        CLASS   CONFIG         
                config                             8007     8007        2         0

        CLASS   IDLOC          

        CLASS   EEDATA         

        CLASS   BANK31         

        CLASS   BANK30         

        CLASS   BANK29         

        CLASS   BANK28         

        CLASS   BANK27         

        CLASS   BANK26         

        CLASS   BANK25         

        CLASS   BANK24         

        CLASS   BANK23         

        CLASS   BANK22         

        CLASS   BANK21         

        CLASS   BANK20         

        CLASS   BANK19         

        CLASS   BANK18         

        CLASS   BANK17         

        CLASS   BANK16         

        CLASS   BANK15         

        CLASS   BANK14         

        CLASS   BANK13         

        CLASS   BANK12         

        CLASS   BANK11         

        CLASS   BANK10         

        CLASS   BANK9          

        CLASS   BANK8          

        CLASS   BANK7          

        CLASS   BANK6          

        CLASS   BANK5          



SEGMENTS        Name                           Load    Length   Top    Selector   Space  Class     Delta

                reset_vec                      000000  000002  000002         0       0  CODE        2
                intentry                       000004  000785  000789         8       0  CODE        2
                cstackBANK0                    000020  000050  000070        20       1  BANK0       1
                cstackCOMMON                   000070  00000E  00007E        70       1  COMMON      1
                bssBANK1                       0000A0  000024  0000C4        A0       1  BANK1       1
                swtext1                        000789  000018  0007A1       F12       0  CONST       2
                text35                         0007A1  00005F  000800       F42       0  CODE        2
                text33                         000F82  000003  000F85      1F04       0  CODE        2
                text32                         000F85  000003  000F88      1F0A       0  CODE        2
                text31                         000F88  000003  000F8B      1F10       0  CODE        2
                idataBANK1                     000F8B  000003  000F8E      1F16       0  CODE        2
                text17                         000F8E  000005  000F93      1F1C       0  CODE        2
                text4                          000F93  000006  000F99      1F26       0  CODE        2
                clrtext                        000F99  000006  000F9F      1F32       0  CODE        2
                text8                          000F9F  000007  000FA6      1F3E       0  CODE        2
                text6                          000FA6  000008  000FAE      1F4C       0  CODE        2
                text27                         000FAE  000009  000FB7      1F5C       0  CODE        2
                text14                         000FB7  00000A  000FC1      1F6E       0  CODE        2
                text12                         000FC1  00000A  000FCB      1F82       0  CODE        2
                text11                         000FCB  00000A  000FD5      1F96       0  CODE        2
                text2                          000FD5  00000B  000FE0      1FAA       0  CODE        2
                text1                          000FE0  00000F  000FEF      1FC0       0  CODE        2
                text13                         000FEF  000011  001000      1FDE       0  CODE        2
                config                         008007  000002  008009     1000E       0  CONFIG      2


UNUSED ADDRESS RANGES

        Name                Unused          Largest block    Delta
        BANK1            000C4-000EF              2C           1
        BANK2            00120-0016F              50           1
        BANK3            001A0-001EF              50           1
        BANK4            00220-0024F              30           1
        BIGRAM           02000-0216F             170           1
        CODE             00002-00003               2           2
                         00800-00F81             782
        CONST            00002-00003               2           2
                         00800-00F81             100
        EEDATA           0F000-0F0FF             100           2
        ENTRY            00002-00003               2           2
                         00800-00F81             100
        IDLOC            08000-08003               4           2
        RAM              000C4-000EF              2C           1
                         00120-0016F              50
                         001A0-001EF              50
                         00220-0024F              30
        SFR0             00000-0001F              20           1
        SFR1             00080-0009F              20           1
        SFR10            00500-0056F              70           1
        SFR11            00580-005EF              70           1
        SFR12            00600-0066F              70           1
        SFR13            00680-006EF              70           1
        SFR14            00700-0076F              70           1
        SFR15            00780-007EF              70           1
        SFR16            00800-0086F              70           1
        SFR17            00880-008EF              70           1
        SFR18            00900-0096F              70           1
        SFR19            00980-009EF              70           1
        SFR2             00100-0011F              20           1
        SFR20            00A00-00A6F              70           1
        SFR21            00A80-00AEF              70           1
        SFR22            00B00-00B6F              70           1
        SFR23            00B80-00BEF              70           1
        SFR24            00C00-00C6F              70           1
        SFR25            00C80-00CEF              70           1
        SFR26            00D00-00D6F              70           1
        SFR27            00D80-00DEF              70           1
        SFR28            00E00-00E6F              70           1
        SFR29            00E80-00EEF              70           1
        SFR3             00180-0019F              20           1
        SFR30            00F00-00F6F              70           1
        SFR31            00F80-00FEF              70           1
        SFR4             00200-0021F              20           1
        SFR5             00280-002EF              70           1
        SFR6             00300-0036F              70           1
        SFR7             00380-003EF              70           1
        SFR8             00400-0046F              70           1
        SFR9             00480-004EF              70           1
        STACK            02074-0216F              FC           1
        STRCODE          00002-00003               2           2
                         00800-00F81             782
        STRING           00002-00003               2           2
                         00800-00F81             100

                                  Symbol Table

?_ADC_GetConversion                  cstackCOMMON 00070
?___awtoft                           cstackCOMMON 00078
?___ftadd                            cstackBANK0  00023
?___ftdiv                            cstackBANK0  00030
?___ftmul                            cstackBANK0  00040
?___ftneg                            cstackBANK0  00020
?___ftpack                           cstackCOMMON 00070
?___fttol                            cstackBANK0  00050
ADC_GetConversion@channel            cstackCOMMON 00073
I2C2_ISR@i2c_10bit_address_restart   bssBANK1     000A5
I2C2_ISR@i2c_address                 bssBANK0     0006E
I2C2_ISR@i2c_bytes_left              bssBANK1     000A6
I2C2_ISR@pi2c_buf_ptr                bssBANK1     000A7
I2C2_MasterRead@trBlock              bssBANK1     000B0
I2C2_MasterWrite@trBlock             bssBANK1     000B5
I2C2_Stop@completion_code            cstackCOMMON 00071
_ADCON0                              (abs)        0009D
_ADCON0bits                          (abs)        0009D
_ADCON1                              (abs)        0009E
_ADC_GetConversion                   text23       007B9
_ADC_Initialize                      text6        00FA6
_ADRESH                              (abs)        0009C
_ADRESL                              (abs)        0009B
_ANSELA                              (abs)        0018C
_ANSELB                              (abs)        0018D
_APFCON0                             (abs)        0011D
_APFCON1                             (abs)        0011E
_I2C2_BusCollisionISR                text37       007FF
_I2C2_FunctionComplete               text36       007CE
_I2C2_ISR                            text34       00051
_I2C2_Initialize                     text5        00771
_I2C2_Stop                           text35       007A1
_INTCONbits                          (abs)        0000B
_INTERRUPT_InterruptManager          intentry     00004
_IOCBF0                              (abs)        01CB0
_IOCBF1                              (abs)        01CB1
_IOCBF3                              (abs)        01CB3
_IOCBF4                              (abs)        01CB4
_IOCBN0                              (abs)        01CA8
_IOCBN1                              (abs)        01CA9
_IOCBN3                              (abs)        01CAB
_IOCBN4                              (abs)        01CAC
_IOCBP0                              (abs)        01CA0
_IOCBP1                              (abs)        01CA1
_IOCBP3                              (abs)        01CA3
_IOCBP4                              (abs)        01CA4
_I_CHRG_intr                         text33       00F82
_I_EXPWR_intr                        text32       00F85
_I_FAULT_intr                        text31       00F88
_I_PWR_ON_intr                       text17       00F8E
_LATA                                (abs)        0010C
_LATA1                               (abs)        00861
_LATA2                               (abs)        00862
_LATA3                               (abs)        00863
_LATA6                               (abs)        00866
_LATA7                               (abs)        00867
_LATB                                (abs)        0010D
_OPTION_REG                          (abs)        00095
_OPTION_REGbits                      (abs)        00095
_OSCCON                              (abs)        00099
_OSCILLATOR_Initialize               text4        00F93
_OSCSTAT                             (abs)        0009A
_OSCTUNE                             (abs)        00098
_PIE4bits                            (abs)        00094
_PIN_MANAGER_IOC                     text16       006DA
_PIN_MANAGER_Initialize              text3        00707
_PIR4bits                            (abs)        00014
_RB0                                 (abs)        00068
_RB1                                 (abs)        00069
_RB3                                 (abs)        0006B
_RB4                                 (abs)        0006C
_SSP2ADD                             (abs)        0021A
_SSP2BUF                             (abs)        00219
_SSP2CON1                            (abs)        0021D
_SSP2CON1bits                        (abs)        0021D
_SSP2CON2bits                        (abs)        0021E
_SSP2CON3                            (abs)        0021F
_SSP2STAT                            (abs)        0021C
_SYSTEM_Initialize                   text1        00FE0
_TMR0                                (abs)        00015
_TMR0_CallBack                       text9        00677
_TMR0_CallBack$646                   cstackBANK0  00048
_TMR0_ISR                            text8        00F9F
_TMR0_Initialize                     text2        00FD5
_TRISA                               (abs)        0008C
_TRISB                               (abs)        0008D
_WPUA                                (abs)        0020C
_WPUB                                (abs)        0020D
__CFG_BOREN$ON                       (abs)        00000
__CFG_BORV$LO                        (abs)        00000
__CFG_CLKOUTEN$OFF                   (abs)        00000
__CFG_CP$OFF                         (abs)        00000
__CFG_CPD$OFF                        (abs)        00000
__CFG_FCMEN$ON                       (abs)        00000
__CFG_FOSC$INTOSC                    (abs)        00000
__CFG_IESO$ON                        (abs)        00000
__CFG_LVP$OFF                        (abs)        00000
__CFG_MCLRE$ON                       (abs)        00000
__CFG_PLLEN$ON                       (abs)        00000
__CFG_PWRTE$OFF                      (abs)        00000
__CFG_STVREN$ON                      (abs)        00000
__CFG_WDTE$OFF                       (abs)        00000
__CFG_WRT$OFF                        (abs)        00000
__Habs1                              abs1         00000
__Hbank0                             bank0        00000
__Hbank1                             bank1        00000
__Hbank10                            bank10       00000
__Hbank11                            bank11       00000
__Hbank12                            bank12       00000
__Hbank13                            bank13       00000
__Hbank14                            bank14       00000
__Hbank15                            bank15       00000
__Hbank16                            bank16       00000
__Hbank17                            bank17       00000
__Hbank18                            bank18       00000
__Hbank19                            bank19       00000
__Hbank2                             bank2        00000
__Hbank20                            bank20       00000
__Hbank21                            bank21       00000
__Hbank22                            bank22       00000
__Hbank23                            bank23       00000
__Hbank24                            bank24       00000
__Hbank25                            bank25       00000
__Hbank26                            bank26       00000
__Hbank27                            bank27       00000
__Hbank28                            bank28       00000
__Hbank29                            bank29       00000
__Hbank3                             bank3        00000
__Hbank30                            bank30       00000
__Hbank31                            bank31       00000
__Hbank4                             bank4        00000
__Hbank5                             bank5        00000
__Hbank6                             bank6        00000
__Hbank7                             bank7        00000
__Hbank8                             bank8        00000
__Hbank9                             bank9        00000
__Hbigram                            bigram       00000
__HbssBANK0                          bssBANK0     00000
__HbssBANK1                          bssBANK1     00000
__Hcinit                             cinit        00051
__Hclrtext                           clrtext      00000
__Hcode                              code         00000
__Hcommon                            common       00000
__Hconfig                            config       08009
__HcstackBANK0                       cstackBANK0  00000
__HcstackBANK1                       cstackBANK1  00000
__HcstackCOMMON                      cstackCOMMON 00000
__HdataBANK1                         dataBANK1    00000
__Heeprom_data                       eeprom_data  00000
__Hend_init                          end_init     00031
__Hfunctab                           functab      00000
__HidataBANK1                        idataBANK1   00000
__Hidloc                             idloc        00000
__Hinit                              init         0002F
__Hintentry                          intentry     0002F
__Hmaintext                          maintext     00000
__Hpowerup                           powerup      00000
__Hram                               ram          00000
__Hreset_vec                         reset_vec    00002
__Hsfr0                              sfr0         00000
__Hsfr1                              sfr1         00000
__Hsfr10                             sfr10        00000
__Hsfr11                             sfr11        00000
__Hsfr12                             sfr12        00000
__Hsfr13                             sfr13        00000
__Hsfr14                             sfr14        00000
__Hsfr15                             sfr15        00000
__Hsfr16                             sfr16        00000
__Hsfr17                             sfr17        00000
__Hsfr18                             sfr18        00000
__Hsfr19                             sfr19        00000
__Hsfr2                              sfr2         00000
__Hsfr20                             sfr20        00000
__Hsfr21                             sfr21        00000
__Hsfr22                             sfr22        00000
__Hsfr23                             sfr23        00000
__Hsfr24                             sfr24        00000
__Hsfr25                             sfr25        00000
__Hsfr26                             sfr26        00000
__Hsfr27                             sfr27        00000
__Hsfr28                             sfr28        00000
__Hsfr29                             sfr29        00000
__Hsfr3                              sfr3         00000
__Hsfr30                             sfr30        00000
__Hsfr31                             sfr31        00000
__Hsfr4                              sfr4         00000
__Hsfr5                              sfr5         00000
__Hsfr6                              sfr6         00000
__Hsfr7                              sfr7         00000
__Hsfr8                              sfr8         00000
__Hsfr9                              sfr9         00000
__Hspace_0                           (abs)        08009
__Hspace_1                           (abs)        000C4
__Hspace_2                           (abs)        00000
__Hspace_3                           (abs)        00000
__Hstack                             stack        00000
__Hstrings                           strings      00000
__Htext                              text         00000
__Labs1                              abs1         00000
__Lbank0                             bank0        00000
__Lbank1                             bank1        00000
__Lbank10                            bank10       00000
__Lbank11                            bank11       00000
__Lbank12                            bank12       00000
__Lbank13                            bank13       00000
__Lbank14                            bank14       00000
__Lbank15                            bank15       00000
__Lbank16                            bank16       00000
__Lbank17                            bank17       00000
__Lbank18                            bank18       00000
__Lbank19                            bank19       00000
__Lbank2                             bank2        00000
__Lbank20                            bank20       00000
__Lbank21                            bank21       00000
__Lbank22                            bank22       00000
__Lbank23                            bank23       00000
__Lbank24                            bank24       00000
__Lbank25                            bank25       00000
__Lbank26                            bank26       00000
__Lbank27                            bank27       00000
__Lbank28                            bank28       00000
__Lbank29                            bank29       00000
__Lbank3                             bank3        00000
__Lbank30                            bank30       00000
__Lbank31                            bank31       00000
__Lbank4                             bank4        00000
__Lbank5                             bank5        00000
__Lbank6                             bank6        00000
__Lbank7                             bank7        00000
__Lbank8                             bank8        00000
__Lbank9                             bank9        00000
__Lbigram                            bigram       00000
__LbssBANK0                          bssBANK0     00000
__LbssBANK1                          bssBANK1     00000
__Lcinit                             cinit        00031
__Lclrtext                           clrtext      00000
__Lcode                              code         00000
__Lcommon                            common       00000
__Lconfig                            config       08007
__LcstackBANK0                       cstackBANK0  00000
__LcstackBANK1                       cstackBANK1  00000
__LcstackCOMMON                      cstackCOMMON 00000
__LdataBANK1                         dataBANK1    00000
__Leeprom_data                       eeprom_data  00000
__Lend_init                          end_init     0002F
__Lfunctab                           functab      00000
__LidataBANK1                        idataBANK1   00000
__Lidloc                             idloc        00000
__Linit                              init         0002F
__Lintentry                          intentry     00004
__Lmaintext                          maintext     00000
__Lpowerup                           powerup      00000
__Lram                               ram          00000
__Lreset_vec                         reset_vec    00000
__Lsfr0                              sfr0         00000
__Lsfr1                              sfr1         00000
__Lsfr10                             sfr10        00000
__Lsfr11                             sfr11        00000
__Lsfr12                             sfr12        00000
__Lsfr13                             sfr13        00000
__Lsfr14                             sfr14        00000
__Lsfr15                             sfr15        00000
__Lsfr16                             sfr16        00000
__Lsfr17                             sfr17        00000
__Lsfr18                             sfr18        00000
__Lsfr19                             sfr19        00000
__Lsfr2                              sfr2         00000
__Lsfr20                             sfr20        00000
__Lsfr21                             sfr21        00000
__Lsfr22                             sfr22        00000
__Lsfr23                             sfr23        00000
__Lsfr24                             sfr24        00000
__Lsfr25                             sfr25        00000
__Lsfr26                             sfr26        00000
__Lsfr27                             sfr27        00000
__Lsfr28                             sfr28        00000
__Lsfr29                             sfr29        00000
__Lsfr3                              sfr3         00000
__Lsfr30                             sfr30        00000
__Lsfr31                             sfr31        00000
__Lsfr4                              sfr4         00000
__Lsfr5                              sfr5         00000
__Lsfr6                              sfr6         00000
__Lsfr7                              sfr7         00000
__Lsfr8                              sfr8         00000
__Lsfr9                              sfr9         00000
__Lspace_0                           (abs)        00000
__Lspace_1                           (abs)        00000
__Lspace_2                           (abs)        00000
__Lspace_3                           (abs)        00000
__Lstack                             stack        00000
__Lstrings                           strings      00000
__Ltext                              text         00000
__S0                                 (abs)        08009
__S1                                 (abs)        000C4
__S2                                 (abs)        00000
__S3                                 (abs)        00000
___awtoft                            text22       00751
___awtoft@c                          cstackCOMMON 00078
___awtoft@sign                       cstackCOMMON 0007D
___ftadd                             text29       001A0
___ftadd@exp1                        cstackBANK0  0002F
___ftadd@exp2                        cstackBANK0  0002E
___ftadd@f1                          cstackBANK0  00023
___ftadd@f2                          cstackBANK0  00026
___ftadd@sign                        cstackBANK0  0002D
___ftdiv                             text21       00405
___ftdiv@cntr                        cstackBANK0  0003A
___ftdiv@exp                         cstackBANK0  0003E
___ftdiv@f1                          cstackBANK0  00033
___ftdiv@f2                          cstackBANK0  00030
___ftdiv@f3                          cstackBANK0  0003B
___ftdiv@sign                        cstackBANK0  0003F
___ftge                              text20       0063C
___ftge@ff1                          cstackCOMMON 00070
___ftge@ff2                          cstackCOMMON 00073
___ftmul                             text28       00351
___ftmul@cntr                        cstackBANK0  0004E
___ftmul@exp                         cstackBANK0  0004A
___ftmul@f1                          cstackBANK0  00040
___ftmul@f2                          cstackBANK0  00043
___ftmul@f3_as_product               cstackBANK0  0004B
___ftmul@sign                        cstackBANK0  0004F
___ftneg                             text27       00FAE
___ftneg@f1                          cstackBANK0  00020
___ftpack                            text30       0059B
___ftpack@arg                        cstackCOMMON 00070
___ftpack@exp                        cstackCOMMON 00073
___ftpack@sign                       cstackCOMMON 00074
___fttol                             text26       004AE
___fttol@exp1                        cstackBANK0  0005D
___fttol@f1                          cstackBANK0  00050
___fttol@lval                        cstackBANK0  00059
___fttol@sign1                       cstackBANK0  00058
___int_sp                            stack        00000
___latbits                           (abs)        00001
___sp                                stack        00000
__end_of_ADC_GetConversion           text23       007CE
__end_of_ADC_Initialize              text6        00FAE
__end_of_I2C2_BusCollisionISR        text37       00800
__end_of_I2C2_FunctionComplete       text36       007E2
__end_of_I2C2_ISR                    text34       001A0
__end_of_I2C2_Initialize             text5        00789
__end_of_I2C2_Stop                   text35       007B9
__end_of_INTERRUPT_InterruptManager  intentry     0002F
__end_of_I_CHRG_intr                 text33       00F85
__end_of_I_EXPWR_intr                text32       00F88
__end_of_I_FAULT_intr                text31       00F8B
__end_of_I_PWR_ON_intr               text17       00F93
__end_of_OSCILLATOR_Initialize       text4        00F99
__end_of_PIN_MANAGER_IOC             text16       00707
__end_of_PIN_MANAGER_Initialize      text3        0072D
__end_of_SYSTEM_Initialize           text1        00FEF
__end_of_TMR0_CallBack               text9        006AA
__end_of_TMR0_ISR                    text8        00FA6
__end_of_TMR0_Initialize             text2        00FE0
__end_of___awtoft                    text22       00771
__end_of___ftadd                     text29       00296
__end_of___ftdiv                     text21       004AE
__end_of___ftge                      text20       00677
__end_of___ftmul                     text28       00405
__end_of___ftneg                     text27       00FB7
__end_of___ftpack                    text30       005FF
__end_of___fttol                     text26       00535
__end_of__initialization             cinit        0004D
__end_of_detectCharge                text25       00751
__end_of_detectPowerOn               text24       006DA
__end_of_detectVBattery              text19       0059B
__end_of_initState                   text15       007FF
__end_of_ledCharge                   text13       01000
__end_of_ledMessage                  text14       00FC1
__end_of_ledPower                    text12       00FCB
__end_of_main                        maintext     007F3
__end_of_psPower                     text11       00FD5
__end_of_putPwrMsg                   text18       00351
__end_of_setLedState                 text10       0063C
__initialization                     cinit        00031
__pbssBANK0                          bssBANK0     00067
__pbssBANK1                          bssBANK1     000A0
__pcstackBANK0                       cstackBANK0  00020
__pcstackBANK1                       cstackBANK1  000C1
__pcstackCOMMON                      cstackCOMMON 00070
__pdataBANK1                         dataBANK1    000BE
__pidataBANK1                        idataBANK1   00F8B
__pintentry                          intentry     00004
__pmaintext                          maintext     007E2
__pswtext1                           swtext1      00789
__ptext1                             text1        00FE0
__ptext10                            text10       005FF
__ptext11                            text11       00FCB
__ptext12                            text12       00FC1
__ptext13                            text13       00FEF
__ptext14                            text14       00FB7
__ptext15                            text15       007F3
__ptext16                            text16       006DA
__ptext17                            text17       00F8E
__ptext18                            text18       00296
__ptext19                            text19       00535
__ptext2                             text2        00FD5
__ptext20                            text20       0063C
__ptext21                            text21       00405
__ptext22                            text22       00751
__ptext23                            text23       007B9
__ptext24                            text24       006AA
__ptext25                            text25       0072D
__ptext26                            text26       004AE
__ptext27                            text27       00FAE
__ptext28                            text28       00351
__ptext29                            text29       001A0
__ptext3                             text3        00707
__ptext30                            text30       0059B
__ptext31                            text31       00F88
__ptext32                            text32       00F85
__ptext33                            text33       00F82
__ptext34                            text34       00051
__ptext35                            text35       007A1
__ptext36                            text36       007CE
__ptext37                            text37       007FF
__ptext4                             text4        00F93
__ptext5                             text5        00771
__ptext6                             text6        00FA6
__ptext8                             text8        00F9F
__ptext9                             text9        00677
__size_of_ADC_GetConversion          (abs)        00000
__size_of_ADC_Initialize             (abs)        00000
__size_of_I2C2_BusCollisionISR       (abs)        00000
__size_of_I2C2_FunctionComplete      (abs)        00000
__size_of_I2C2_ISR                   (abs)        00000
__size_of_I2C2_Initialize            (abs)        00000
__size_of_I2C2_Stop                  (abs)        00000
__size_of_INTERRUPT_InterruptManager (abs)        00000
__size_of_I_CHRG_intr                (abs)        00000
__size_of_I_EXPWR_intr               (abs)        00000
__size_of_I_FAULT_intr               (abs)        00000
__size_of_I_PWR_ON_intr              (abs)        00000
__size_of_OSCILLATOR_Initialize      (abs)        00000
__size_of_PIN_MANAGER_IOC            (abs)        00000
__size_of_PIN_MANAGER_Initialize     (abs)        00000
__size_of_SYSTEM_Initialize          (abs)        00000
__size_of_TMR0_CallBack              (abs)        00000
__size_of_TMR0_ISR                   (abs)        00000
__size_of_TMR0_Initialize            (abs)        00000
__size_of___awtoft                   (abs)        00000
__size_of___ftadd                    (abs)        00000
__size_of___ftdiv                    (abs)        00000
__size_of___ftge                     (abs)        00000
__size_of___ftmul                    (abs)        00000
__size_of___ftneg                    (abs)        00000
__size_of___ftpack                   (abs)        00000
__size_of___fttol                    (abs)        00000
__size_of_detectCharge               (abs)        00000
__size_of_detectPowerOn              (abs)        00000
__size_of_detectVBattery             (abs)        00000
__size_of_initState                  (abs)        00000
__size_of_ledCharge                  (abs)        00000
__size_of_ledMessage                 (abs)        00000
__size_of_ledPower                   (abs)        00000
__size_of_main                       (abs)        00000
__size_of_psPower                    (abs)        00000
__size_of_putPwrMsg                  (abs)        00000
__size_of_setLedState                (abs)        00000
_detectCharge                        text25       0072D
_detectPowerOn                       text24       006AA
_detectVBattery                      text19       00535
_detectVBattery$1122                 cstackBANK0  00042
_i2c2_object                         bssBANK1     000A0
_i2c2_state                          bssBANK0     00067
_i2c2_tr_queue                       bssBANK1     000BA
_i2c2_trb_count                      bssBANK1     000A9
_initState                           text15       007F3
_ledCharge                           text13       00FEF
_ledMessage                          text14       00FB7
_ledPower                            text12       00FC1
_main                                maintext     007E2
_p_i2c2_current                      bssBANK0     00068
_p_i2c2_trb_current                  bssBANK0     00069
_psPower                             text11       00FCB
_putPwrMsg                           text18       00296
_setLedState                         text10       005FF
_setLedState$633                     cstackCOMMON 00073
_setLedState$635                     cstackCOMMON 00074
_setLedState$636                     cstackCOMMON 00075
_setLedState$638                     cstackCOMMON 00076
_stCharge                            bssBANK0     0006A
_stExPower                           bssBANK1     000AA
_stFault                             bssBANK0     0006B
_stLowBattery                        bssBANK1     000AB
_stOff                               bssBANK1     000AC
_stOn                                bssBANK1     000AD
_stPower                             bssBANK0     0006C
_stPowerSaveMode                     bssBANK1     000AE
_timer0ReloadVal                     bssBANK0     0006D
_vBattery                            dataBANK1    000BE
btemp                                (abs)        0007E
clear_ram0                           clrtext      00F99
detectCharge@CHRG                    cstackCOMMON 00072
detectCharge@FALT                    cstackCOMMON 00074
detectPowerOn@EXPOWER                cstackCOMMON 00074
detectPowerOn@POWER                  cstackCOMMON 00072
detectVBattery@adcval                cstackBANK0  00045
end_of_initialization                cinit        0004D
int$flags                            (abs)        0007E
intlevel0                            functab      00000
intlevel1                            functab      00000
intlevel2                            functab      00000
intlevel3                            functab      00000
intlevel4                            functab      00000
intlevel5                            functab      00000
ledCharge@on                         cstackCOMMON 00071
ledCharge@toggle                     cstackCOMMON 00070
ledMessage@on                        cstackCOMMON 00070
ledPower@on                          cstackCOMMON 00070
ltemp                                (abs)        0007E
ltemp0                               (abs)        0007E
ltemp1                               (abs)        00082
ltemp2                               (abs)        00086
ltemp3                               (abs)        00080
psPower@on                           cstackCOMMON 00070
putPwrMsg@i                          cstackBANK0  00062
putPwrMsg@lim                        cstackBANK0  00064
putPwrMsg@pardeci                    cstackBANK0  00060
reset_vec                            reset_vec    00000
stackhi                              (abs)        0216F
stacklo                              (abs)        02074
start                                init         0002F
start_initialization                 cinit        00031
ttemp                                (abs)        0007E
ttemp0                               (abs)        0007E
ttemp1                               (abs)        00081
ttemp2                               (abs)        00084
ttemp3                               (abs)        00087
ttemp4                               (abs)        0007F
wtemp                                (abs)        0007E
wtemp0                               (abs)        0007E
wtemp1                               (abs)        00080
wtemp2                               (abs)        00082
wtemp3                               (abs)        00084
wtemp4                               (abs)        00086
wtemp5                               (abs)        00088
wtemp6                               (abs)        0007F


FUNCTION INFORMATION:

 *************** function _main *****************
 Defined at:
		line 66 in file "main.c"
 Parameters:    Size  Location     Type
		None
 Auto vars:     Size  Location     Type
		None
 Return value:  Size  Location     Type
		None               void
 Registers used:
		wreg, status,2, status,0, pclath, cstack
 Tracked objects:
		On entry : 
		On exit  : 
		Unchanged: 
 Data sizes:     COMMON   BANK0   BANK1   BANK2   BANK3   BANK4
      Params:         0       0       0       0       0       0
      Locals:         0       0       0       0       0       0
      Temps:          0       0       2       0       0       0
      Totals:         0       0       2       0       0       0
Total ram usage:        2 bytes
 Hardware stack levels required when called:    9
 This function calls:
		_SYSTEM_Initialize
 This function is called by:
		Startup code after reset
 This function uses a non-reentrant model


 *************** function _SYSTEM_Initialize *****************
 Defined at:
		line 70 in file "mcc_generated_files/mcc.c"
 Parameters:    Size  Location     Type
		None
 Auto vars:     Size  Location     Type
		None
 Return value:  Size  Location     Type
		None               void
 Registers used:
		wreg, status,2, status,0, pclath, cstack
 Tracked objects:
		On entry : 
		On exit  : 
		Unchanged: 
 Data sizes:     COMMON   BANK0   BANK1   BANK2   BANK3   BANK4
      Params:         0       0       0       0       0       0
      Locals:         0       0       0       0       0       0
      Temps:          0       0       0       0       0       0
      Totals:         0       0       0       0       0       0
Total ram usage:        0 bytes
 Hardware stack levels used:    1
 Hardware stack levels required when called:    8
 This function calls:
		_ADC_Initialize
		_I2C2_Initialize
		_OSCILLATOR_Initialize
		_PIN_MANAGER_Initialize
		_TMR0_Initialize
 This function is called by:
		_main
 This function uses a non-reentrant model


 *************** function _TMR0_Initialize *****************
 Defined at:
		line 64 in file "mcc_generated_files/tmr0.c"
 Parameters:    Size  Location     Type
		None
 Auto vars:     Size  Location     Type
		None
 Return value:  Size  Location     Type
		None               void
 Registers used:
		wreg, status,2
 Tracked objects:
		On entry : 
		On exit  : 
		Unchanged: 
 Data sizes:     COMMON   BANK0   BANK1   BANK2   BANK3   BANK4
      Params:         0       0       0       0       0       0
      Locals:         0       0       0       0       0       0
      Temps:          0       0       0       0       0       0
      Totals:         0       0       0       0       0       0
Total ram usage:        0 bytes
 Hardware stack levels used:    1
 Hardware stack levels required when called:    7
 This function calls:
		Nothing
 This function is called by:
		_SYSTEM_Initialize
 This function uses a non-reentrant model


 *************** function _PIN_MANAGER_Initialize *****************
 Defined at:
		line 50 in file "mcc_generated_files/pin_manager.c"
 Parameters:    Size  Location     Type
		None
 Auto vars:     Size  Location     Type
		None
 Return value:  Size  Location     Type
		None               void
 Registers used:
		wreg, status,2
 Tracked objects:
		On entry : 
		On exit  : 
		Unchanged: 
 Data sizes:     COMMON   BANK0   BANK1   BANK2   BANK3   BANK4
      Params:         0       0       0       0       0       0
      Locals:         0       0       0       0       0       0
      Temps:          0       0       0       0       0       0
      Totals:         0       0       0       0       0       0
Total ram usage:        0 bytes
 Hardware stack levels used:    1
 Hardware stack levels required when called:    7
 This function calls:
		Nothing
 This function is called by:
		_SYSTEM_Initialize
 This function uses a non-reentrant model


 *************** function _OSCILLATOR_Initialize *****************
 Defined at:
		line 78 in file "mcc_generated_files/mcc.c"
 Parameters:    Size  Location     Type
		None
 Auto vars:     Size  Location     Type
		None
 Return value:  Size  Location     Type
		None               void
 Registers used:
		wreg, status,2
 Tracked objects:
		On entry : 
		On exit  : 
		Unchanged: 
 Data sizes:     COMMON   BANK0   BANK1   BANK2   BANK3   BANK4
      Params:         0       0       0       0       0       0
      Locals:         0       0       0       0       0       0
      Temps:          0       0       0       0       0       0
      Totals:         0       0       0       0       0       0
Total ram usage:        0 bytes
 Hardware stack levels used:    1
 Hardware stack levels required when called:    7
 This function calls:
		Nothing
 This function is called by:
		_SYSTEM_Initialize
 This function uses a non-reentrant model


 *************** function _I2C2_Initialize *****************
 Defined at:
		line 194 in file "mcc_generated_files/i2c2.c"
 Parameters:    Size  Location     Type
		None
 Auto vars:     Size  Location     Type
		None
 Return value:  Size  Location     Type
		None               void
 Registers used:
		wreg, status,2
 Tracked objects:
		On entry : 
		On exit  : 
		Unchanged: 
 Data sizes:     COMMON   BANK0   BANK1   BANK2   BANK3   BANK4
      Params:         0       0       0       0       0       0
      Locals:         0       0       0       0       0       0
      Temps:          0       0       1       0       0       0
      Totals:         0       0       1       0       0       0
Total ram usage:        1 bytes
 Hardware stack levels used:    1
 Hardware stack levels required when called:    7
 This function calls:
		Nothing
 This function is called by:
		_SYSTEM_Initialize
 This function uses a non-reentrant model


 *************** function _ADC_Initialize *****************
 Defined at:
		line 65 in file "mcc_generated_files/adc.c"
 Parameters:    Size  Location     Type
		None
 Auto vars:     Size  Location     Type
		None
 Return value:  Size  Location     Type
		None               void
 Registers used:
		wreg, status,2
 Tracked objects:
		On entry : 
		On exit  : 
		Unchanged: 
 Data sizes:     COMMON   BANK0   BANK1   BANK2   BANK3   BANK4
      Params:         0       0       0       0       0       0
      Locals:         0       0       0       0       0       0
      Temps:          0       0       0       0       0       0
      Totals:         0       0       0       0       0       0
Total ram usage:        0 bytes
 Hardware stack levels used:    1
 Hardware stack levels required when called:    7
 This function calls:
		Nothing
 This function is called by:
		_SYSTEM_Initialize
 This function uses a non-reentrant model


 *************** function _INTERRUPT_InterruptManager *****************
 Defined at:
		line 52 in file "mcc_generated_files/interrupt_manager.c"
 Parameters:    Size  Location     Type
		None
 Auto vars:     Size  Location     Type
		None
 Return value:  Size  Location     Type
		None               void
 Registers used:
		wreg, fsr0l, fsr0h, fsr1l, fsr1h, status,2, status,0, pclath, cstack
 Tracked objects:
		On entry : 
		On exit  : 
		Unchanged: 
 Data sizes:     COMMON   BANK0   BANK1   BANK2   BANK3   BANK4
      Params:         0       0       0       0       0       0
      Locals:         0       0       0       0       0       0
      Temps:          0       1       0       0       0       0
      Totals:         0       1       0       0       0       0
Total ram usage:        1 bytes
 Hardware stack levels used:    1
 Hardware stack levels required when called:    6
 This function calls:
		_I2C2_BusCollisionISR
		_I2C2_ISR
		_PIN_MANAGER_IOC
		_TMR0_ISR
 This function is called by:
		Interrupt level 1
 This function uses a non-reentrant model


 *************** function _TMR0_ISR *****************
 Defined at:
		line 101 in file "mcc_generated_files/tmr0.c"
 Parameters:    Size  Location     Type
		None
 Auto vars:     Size  Location     Type
		None
 Return value:  Size  Location     Type
		None               void
 Registers used:
		wreg, status,2, status,0, pclath, cstack
 Tracked objects:
		On entry : 
		On exit  : 
		Unchanged: 
 Data sizes:     COMMON   BANK0   BANK1   BANK2   BANK3   BANK4
      Params:         0       0       0       0       0       0
      Locals:         0       0       0       0       0       0
      Temps:          0       0       0       0       0       0
      Totals:         0       0       0       0       0       0
Total ram usage:        0 bytes
 Hardware stack levels used:    1
 Hardware stack levels required when called:    4
 This function calls:
		_TMR0_CallBack
 This function is called by:
		_INTERRUPT_InterruptManager
 This function uses a non-reentrant model


 *************** function _TMR0_CallBack *****************
 Defined at:
		line 185 in file "main.c"
 Parameters:    Size  Location     Type
		None
 Auto vars:     Size  Location     Type
		None
 Return value:  Size  Location     Type
		None               void
 Registers used:
		wreg, status,2, status,0, pclath, cstack
 Tracked objects:
		On entry : 
		On exit  : 
		Unchanged: 
 Data sizes:     COMMON   BANK0   BANK1   BANK2   BANK3   BANK4
      Params:         0       0       0       0       0       0
      Locals:         0       1       0       0       0       0
      Temps:          0       1       0       0       0       0
      Totals:         0       2       0       0       0       0
Total ram usage:        2 bytes
 Hardware stack levels used:    1
 Hardware stack levels required when called:    3
 This function calls:
		_detectCharge
		_detectPowerOn
		_detectVBattery
		_initState
		_ledMessage
		_ledPower
		_psPower
		_setLedState
 This function is called by:
		_TMR0_ISR
 This function uses a non-reentrant model


 *************** function _setLedState *****************
 Defined at:
		line 179 in file "main.c"
 Parameters:    Size  Location     Type
		None
 Auto vars:     Size  Location     Type
		None
 Return value:  Size  Location     Type
		None               void
 Registers used:
		wreg, status,2, status,0, pclath, cstack
 Tracked objects:
		On entry : 
		On exit  : 
		Unchanged: 
 Data sizes:     COMMON   BANK0   BANK1   BANK2   BANK3   BANK4
      Params:         0       0       0       0       0       0
      Locals:         4       0       0       0       0       0
      Temps:          1       0       0       0       0       0
      Totals:         5       0       0       0       0       0
Total ram usage:        5 bytes
 Hardware stack levels used:    1
 Hardware stack levels required when called:    1
 This function calls:
		_ledCharge
		_ledPower
		_psPower
 This function is called by:
		_TMR0_CallBack
 This function uses a non-reentrant model


 *************** function _psPower *****************
 Defined at:
		line 165 in file "main.c"
 Parameters:    Size  Location     Type
  on              1    wreg     unsigned char 
 Auto vars:     Size  Location     Type
  on              1    0[COMMON] unsigned char 
 Return value:  Size  Location     Type
		None               void
 Registers used:
		wreg, status,2, status,0
 Tracked objects:
		On entry : 
		On exit  : 
		Unchanged: 
 Data sizes:     COMMON   BANK0   BANK1   BANK2   BANK3   BANK4
      Params:         0       0       0       0       0       0
      Locals:         1       0       0       0       0       0
      Temps:          0       0       0       0       0       0
      Totals:         1       0       0       0       0       0
Total ram usage:        1 bytes
 Hardware stack levels used:    1
 This function calls:
		Nothing
 This function is called by:
		_setLedState
		_TMR0_CallBack
 This function uses a non-reentrant model


 *************** function _ledPower *****************
 Defined at:
		line 149 in file "main.c"
 Parameters:    Size  Location     Type
  on              1    wreg     unsigned char 
 Auto vars:     Size  Location     Type
  on              1    0[COMMON] unsigned char 
 Return value:  Size  Location     Type
		None               void
 Registers used:
		wreg, status,2, status,0
 Tracked objects:
		On entry : 
		On exit  : 
		Unchanged: 
 Data sizes:     COMMON   BANK0   BANK1   BANK2   BANK3   BANK4
      Params:         0       0       0       0       0       0
      Locals:         1       0       0       0       0       0
      Temps:          0       0       0       0       0       0
      Totals:         1       0       0       0       0       0
Total ram usage:        1 bytes
 Hardware stack levels used:    1
 This function calls:
		Nothing
 This function is called by:
		_setLedState
		_TMR0_CallBack
 This function uses a non-reentrant model


 *************** function _ledCharge *****************
 Defined at:
		line 156 in file "main.c"
 Parameters:    Size  Location     Type
  on              1    wreg     unsigned char 
  toggle          1    0[COMMON] unsigned char 
 Auto vars:     Size  Location     Type
  on              1    1[COMMON] unsigned char 
 Return value:  Size  Location     Type
		None               void
 Registers used:
		wreg, status,2, status,0
 Tracked objects:
		On entry : 
		On exit  : 
		Unchanged: 
 Data sizes:     COMMON   BANK0   BANK1   BANK2   BANK3   BANK4
      Params:         1       0       0       0       0       0
      Locals:         1       0       0       0       0       0
      Temps:          0       0       0       0       0       0
      Totals:         2       0       0       0       0       0
Total ram usage:        2 bytes
 Hardware stack levels used:    1
 This function calls:
		Nothing
 This function is called by:
		_setLedState
 This function uses a non-reentrant model


 *************** function _ledMessage *****************
 Defined at:
		line 172 in file "main.c"
 Parameters:    Size  Location     Type
  on              1    wreg     unsigned char 
 Auto vars:     Size  Location     Type
  on              1    0[COMMON] unsigned char 
 Return value:  Size  Location     Type
		None               void
 Registers used:
		wreg, status,2, status,0
 Tracked objects:
		On entry : 
		On exit  : 
		Unchanged: 
 Data sizes:     COMMON   BANK0   BANK1   BANK2   BANK3   BANK4
      Params:         0       0       0       0       0       0
      Locals:         1       0       0       0       0       0
      Temps:          0       0       0       0       0       0
      Totals:         1       0       0       0       0       0
Total ram usage:        1 bytes
 Hardware stack levels used:    1
 This function calls:
		Nothing
 This function is called by:
		_TMR0_CallBack
 This function uses a non-reentrant model


 *************** function _initState *****************
 Defined at:
		line 94 in file "main.c"
 Parameters:    Size  Location     Type
		None
 Auto vars:     Size  Location     Type
		None
 Return value:  Size  Location     Type
		None               void
 Registers used:
		status,2
 Tracked objects:
		On entry : 
		On exit  : 
		Unchanged: 
 Data sizes:     COMMON   BANK0   BANK1   BANK2   BANK3   BANK4
      Params:         0       0       0       0       0       0
      Locals:         0       0       0       0       0       0
      Temps:          0       0       0       0       0       0
      Totals:         0       0       0       0       0       0
Total ram usage:        0 bytes
 Hardware stack levels used:    1
 This function calls:
		Nothing
 This function is called by:
		_TMR0_CallBack
 This function uses a non-reentrant model


 *************** function _PIN_MANAGER_IOC *****************
 Defined at:
		line 89 in file "mcc_generated_files/pin_manager.c"
 Parameters:    Size  Location     Type
		None
 Auto vars:     Size  Location     Type
		None
 Return value:  Size  Location     Type
		None               void
 Registers used:
		wreg, status,2, status,0, pclath, cstack
 Tracked objects:
		On entry : 
		On exit  : 
		Unchanged: 
 Data sizes:     COMMON   BANK0   BANK1   BANK2   BANK3   BANK4
      Params:         0       0       0       0       0       0
      Locals:         0       0       0       0       0       0
      Temps:          0       0       0       0       0       0
      Totals:         0       0       0       0       0       0
Total ram usage:        0 bytes
 Hardware stack levels used:    1
 Hardware stack levels required when called:    5
 This function calls:
		_I_CHRG_intr
		_I_EXPWR_intr
		_I_FAULT_intr
		_I_PWR_ON_intr
 This function is called by:
		_INTERRUPT_InterruptManager
 This function uses a non-reentrant model


 *************** function _I_PWR_ON_intr *****************
 Defined at:
		line 223 in file "main.c"
 Parameters:    Size  Location     Type
		None
 Auto vars:     Size  Location     Type
		None
 Return value:  Size  Location     Type
		None               void
 Registers used:
		wreg, status,2, status,0, pclath, cstack
 Tracked objects:
		On entry : 
		On exit  : 
		Unchanged: 
 Data sizes:     COMMON   BANK0   BANK1   BANK2   BANK3   BANK4
      Params:         0       0       0       0       0       0
      Locals:         0       0       0       0       0       0
      Temps:          0       0       0       0       0       0
      Totals:         0       0       0       0       0       0
Total ram usage:        0 bytes
 Hardware stack levels used:    1
 Hardware stack levels required when called:    4
 This function calls:
		_putPwrMsg
 This function is called by:
		_PIN_MANAGER_IOC
 This function uses a non-reentrant model


 *************** function _putPwrMsg *****************
 Defined at:
		line 207 in file "main.c"
 Parameters:    Size  Location     Type
		None
 Auto vars:     Size  Location     Type
  i               2   66[BANK0 ] int 
  lim             2   68[BANK0 ] int 
  pardeci         2   64[BANK0 ] int 
 Return value:  Size  Location     Type
		None               void
 Registers used:
		wreg, status,2, status,0, pclath, cstack
 Tracked objects:
		On entry : 
		On exit  : 
		Unchanged: 
 Data sizes:     COMMON   BANK0   BANK1   BANK2   BANK3   BANK4
      Params:         0       0       0       0       0       0
      Locals:         0       6       0       0       0       0
      Temps:          0       2       0       0       0       0
      Totals:         0       8       0       0       0       0
Total ram usage:        8 bytes
 Hardware stack levels used:    1
 Hardware stack levels required when called:    3
 This function calls:
		___awtoft
		___ftadd
		___ftdiv
		___ftmul
		___ftneg
		___fttol
		_detectCharge
		_detectPowerOn
		_detectVBattery
 This function is called by:
		_I_PWR_ON_intr
 This function uses a non-reentrant model


 *************** function _detectVBattery *****************
 Defined at:
		line 138 in file "main.c"
 Parameters:    Size  Location     Type
		None
 Auto vars:     Size  Location     Type
  adcval          2   37[BANK0 ] int 
 Return value:  Size  Location     Type
		None               void
 Registers used:
		wreg, status,2, status,0, pclath, cstack
 Tracked objects:
		On entry : 
		On exit  : 
		Unchanged: 
 Data sizes:     COMMON   BANK0   BANK1   BANK2   BANK3   BANK4
      Params:         0       0       0       0       0       0
      Locals:         0       5       0       0       0       0
      Temps:          0       2       0       0       0       0
      Totals:         0       7       0       0       0       0
Total ram usage:        7 bytes
 Hardware stack levels used:    1
 Hardware stack levels required when called:    2
 This function calls:
		_ADC_GetConversion
		___awtoft
		___ftdiv
		___ftge
 This function is called by:
		_TMR0_CallBack
		_putPwrMsg
 This function uses a non-reentrant model


 *************** function ___ftge *****************
 Defined at:
		line 4 in file "/Applications/microchip/xc8/v1.35/sources/common/ftge.c"
 Parameters:    Size  Location     Type
  ff1             3    0[COMMON] float 
  ff2             3    3[COMMON] float 
 Auto vars:     Size  Location     Type
		None
 Return value:  Size  Location     Type
		None               void
 Registers used:
		wreg, status,2, status,0
 Tracked objects:
		On entry : 
		On exit  : 
		Unchanged: 
 Data sizes:     COMMON   BANK0   BANK1   BANK2   BANK3   BANK4
      Params:         6       0       0       0       0       0
      Locals:         0       0       0       0       0       0
      Temps:          3       0       0       0       0       0
      Totals:         9       0       0       0       0       0
Total ram usage:        9 bytes
 Hardware stack levels used:    1
 This function calls:
		Nothing
 This function is called by:
		_detectVBattery
		_detectVBattery1
 This function uses a non-reentrant model


 *************** function ___ftdiv *****************
 Defined at:
		line 56 in file "/Applications/microchip/xc8/v1.35/sources/common/ftdiv.c"
 Parameters:    Size  Location     Type
  f2              3   16[BANK0 ] float 
  f1              3   19[BANK0 ] float 
 Auto vars:     Size  Location     Type
  f3              3   27[BANK0 ] float 
  sign            1   31[BANK0 ] unsigned char 
  exp             1   30[BANK0 ] unsigned char 
  cntr            1   26[BANK0 ] unsigned char 
 Return value:  Size  Location     Type
                  3   16[BANK0 ] float 
 Registers used:
		wreg, status,2, status,0, pclath, cstack
 Tracked objects:
		On entry : 
		On exit  : 
		Unchanged: 
 Data sizes:     COMMON   BANK0   BANK1   BANK2   BANK3   BANK4
      Params:         0       6       0       0       0       0
      Locals:         0       6       0       0       0       0
      Temps:          0       4       0       0       0       0
      Totals:         0      16       0       0       0       0
Total ram usage:       16 bytes
 Hardware stack levels used:    1
 Hardware stack levels required when called:    1
 This function calls:
		___ftpack
 This function is called by:
		_detectVBattery
		_putPwrMsg
		_detectVBattery1
 This function uses a non-reentrant model


 *************** function ___awtoft *****************
 Defined at:
		line 32 in file "/Applications/microchip/xc8/v1.35/sources/common/awtoft.c"
 Parameters:    Size  Location     Type
  c               2    8[COMMON] int 
 Auto vars:     Size  Location     Type
  sign            1   13[COMMON] unsigned char 
 Return value:  Size  Location     Type
                  3    8[COMMON] float 
 Registers used:
		wreg, status,2, status,0, pclath, cstack
 Tracked objects:
		On entry : 
		On exit  : 
		Unchanged: 
 Data sizes:     COMMON   BANK0   BANK1   BANK2   BANK3   BANK4
      Params:         3       0       0       0       0       0
      Locals:         1       0       0       0       0       0
      Temps:          2       0       0       0       0       0
      Totals:         6       0       0       0       0       0
Total ram usage:        6 bytes
 Hardware stack levels used:    1
 Hardware stack levels required when called:    1
 This function calls:
		___ftpack
 This function is called by:
		_detectVBattery
		_putPwrMsg
		_detectVBattery1
 This function uses a non-reentrant model


 *************** function _ADC_GetConversion *****************
 Defined at:
		line 106 in file "mcc_generated_files/adc.c"
 Parameters:    Size  Location     Type
  channel         1    wreg     enum E2800
 Auto vars:     Size  Location     Type
  channel         1    3[COMMON] enum E2800
 Return value:  Size  Location     Type
                  2    0[COMMON] unsigned int 
 Registers used:
		wreg, status,2, status,0
 Tracked objects:
		On entry : 
		On exit  : 
		Unchanged: 
 Data sizes:     COMMON   BANK0   BANK1   BANK2   BANK3   BANK4
      Params:         2       0       0       0       0       0
      Locals:         1       0       0       0       0       0
      Temps:          1       0       0       0       0       0
      Totals:         4       0       0       0       0       0
Total ram usage:        4 bytes
 Hardware stack levels used:    1
 This function calls:
		Nothing
 This function is called by:
		_detectVBattery
		_detectVBattery1
 This function uses a non-reentrant model


 *************** function _detectPowerOn *****************
 Defined at:
		line 99 in file "main.c"
 Parameters:    Size  Location     Type
		None
 Auto vars:     Size  Location     Type
  EXPOWER         2    4[COMMON] int 
  POWER           2    2[COMMON] int 
 Return value:  Size  Location     Type
		None               void
 Registers used:
		wreg, status,2, status,0
 Tracked objects:
		On entry : 
		On exit  : 
		Unchanged: 
 Data sizes:     COMMON   BANK0   BANK1   BANK2   BANK3   BANK4
      Params:         0       0       0       0       0       0
      Locals:         4       0       0       0       0       0
      Temps:          2       0       0       0       0       0
      Totals:         6       0       0       0       0       0
Total ram usage:        6 bytes
 Hardware stack levels used:    1
 This function calls:
		Nothing
 This function is called by:
		_TMR0_CallBack
		_putPwrMsg
 This function uses a non-reentrant model


 *************** function _detectCharge *****************
 Defined at:
		line 114 in file "main.c"
 Parameters:    Size  Location     Type
		None
 Auto vars:     Size  Location     Type
  FALT            2    4[COMMON] int 
  CHRG            2    2[COMMON] int 
 Return value:  Size  Location     Type
		None               void
 Registers used:
		wreg, status,2, status,0
 Tracked objects:
		On entry : 
		On exit  : 
		Unchanged: 
 Data sizes:     COMMON   BANK0   BANK1   BANK2   BANK3   BANK4
      Params:         0       0       0       0       0       0
      Locals:         4       0       0       0       0       0
      Temps:          2       0       0       0       0       0
      Totals:         6       0       0       0       0       0
Total ram usage:        6 bytes
 Hardware stack levels used:    1
 This function calls:
		Nothing
 This function is called by:
		_TMR0_CallBack
		_putPwrMsg
 This function uses a non-reentrant model


 *************** function ___fttol *****************
 Defined at:
		line 44 in file "/Applications/microchip/xc8/v1.35/sources/common/fttol.c"
 Parameters:    Size  Location     Type
  f1              3   48[BANK0 ] float 
 Auto vars:     Size  Location     Type
  lval            4   57[BANK0 ] unsigned long 
  exp1            1   61[BANK0 ] unsigned char 
  sign1           1   56[BANK0 ] unsigned char 
 Return value:  Size  Location     Type
                  4   48[BANK0 ] long 
 Registers used:
		wreg, status,2, status,0
 Tracked objects:
		On entry : 
		On exit  : 
		Unchanged: 
 Data sizes:     COMMON   BANK0   BANK1   BANK2   BANK3   BANK4
      Params:         0       4       0       0       0       0
      Locals:         0       6       0       0       0       0
      Temps:          0       4       0       0       0       0
      Totals:         0      14       0       0       0       0
Total ram usage:       14 bytes
 Hardware stack levels used:    1
 This function calls:
		Nothing
 This function is called by:
		_putPwrMsg
 This function uses a non-reentrant model


 *************** function ___ftneg *****************
 Defined at:
		line 15 in file "/Applications/microchip/xc8/v1.35/sources/common/ftneg.c"
 Parameters:    Size  Location     Type
  f1              3    0[BANK0 ] float 
 Auto vars:     Size  Location     Type
		None
 Return value:  Size  Location     Type
                  3    0[BANK0 ] float 
 Registers used:
		wreg
 Tracked objects:
		On entry : 
		On exit  : 
		Unchanged: 
 Data sizes:     COMMON   BANK0   BANK1   BANK2   BANK3   BANK4
      Params:         0       3       0       0       0       0
      Locals:         0       0       0       0       0       0
      Temps:          0       0       0       0       0       0
      Totals:         0       3       0       0       0       0
Total ram usage:        3 bytes
 Hardware stack levels used:    1
 This function calls:
		Nothing
 This function is called by:
		_putPwrMsg
 This function uses a non-reentrant model


 *************** function ___ftmul *****************
 Defined at:
		line 62 in file "/Applications/microchip/xc8/v1.35/sources/common/ftmul.c"
 Parameters:    Size  Location     Type
  f1              3   32[BANK0 ] float 
  f2              3   35[BANK0 ] float 
 Auto vars:     Size  Location     Type
  f3_as_produc    3   43[BANK0 ] unsigned um
  sign            1   47[BANK0 ] unsigned char 
  cntr            1   46[BANK0 ] unsigned char 
  exp             1   42[BANK0 ] unsigned char 
 Return value:  Size  Location     Type
                  3   32[BANK0 ] float 
 Registers used:
		wreg, status,2, status,0, pclath, cstack
 Tracked objects:
		On entry : 
		On exit  : 
		Unchanged: 
 Data sizes:     COMMON   BANK0   BANK1   BANK2   BANK3   BANK4
      Params:         0       6       0       0       0       0
      Locals:         0       6       0       0       0       0
      Temps:          0       4       0       0       0       0
      Totals:         0      16       0       0       0       0
Total ram usage:       16 bytes
 Hardware stack levels used:    1
 Hardware stack levels required when called:    1
 This function calls:
		___ftpack
 This function is called by:
		_putPwrMsg
		_detectVBattery1
 This function uses a non-reentrant model


 *************** function ___ftadd *****************
 Defined at:
		line 86 in file "/Applications/microchip/xc8/v1.35/sources/common/ftadd.c"
 Parameters:    Size  Location     Type
  f1              3    3[BANK0 ] float 
  f2              3    6[BANK0 ] float 
 Auto vars:     Size  Location     Type
  exp1            1   15[BANK0 ] unsigned char 
  exp2            1   14[BANK0 ] unsigned char 
  sign            1   13[BANK0 ] unsigned char 
 Return value:  Size  Location     Type
                  3    3[BANK0 ] float 
 Registers used:
		wreg, status,2, status,0, pclath, cstack
 Tracked objects:
		On entry : 
		On exit  : 
		Unchanged: 
 Data sizes:     COMMON   BANK0   BANK1   BANK2   BANK3   BANK4
      Params:         0       6       0       0       0       0
      Locals:         0       3       0       0       0       0
      Temps:          0       4       0       0       0       0
      Totals:         0      13       0       0       0       0
Total ram usage:       13 bytes
 Hardware stack levels used:    1
 Hardware stack levels required when called:    1
 This function calls:
		___ftpack
 This function is called by:
		_putPwrMsg
 This function uses a non-reentrant model


 *************** function ___ftpack *****************
 Defined at:
		line 62 in file "/Applications/microchip/xc8/v1.35/sources/common/float.c"
 Parameters:    Size  Location     Type
  arg             3    0[COMMON] unsigned um
  exp             1    3[COMMON] unsigned char 
  sign            1    4[COMMON] unsigned char 
 Auto vars:     Size  Location     Type
		None
 Return value:  Size  Location     Type
                  3    0[COMMON] float 
 Registers used:
		wreg, status,2, status,0
 Tracked objects:
		On entry : 
		On exit  : 
		Unchanged: 
 Data sizes:     COMMON   BANK0   BANK1   BANK2   BANK3   BANK4
      Params:         5       0       0       0       0       0
      Locals:         0       0       0       0       0       0
      Temps:          3       0       0       0       0       0
      Totals:         8       0       0       0       0       0
Total ram usage:        8 bytes
 Hardware stack levels used:    1
 This function calls:
		Nothing
 This function is called by:
		___awtoft
		___ftadd
		___ftdiv
		___ftmul
 This function uses a non-reentrant model


 *************** function _I_FAULT_intr *****************
 Defined at:
		line 236 in file "main.c"
 Parameters:    Size  Location     Type
		None
 Auto vars:     Size  Location     Type
		None
 Return value:  Size  Location     Type
		None               void
 Registers used:
		status,2
 Tracked objects:
		On entry : 
		On exit  : 
		Unchanged: 
 Data sizes:     COMMON   BANK0   BANK1   BANK2   BANK3   BANK4
      Params:         0       0       0       0       0       0
      Locals:         0       0       0       0       0       0
      Temps:          0       0       0       0       0       0
      Totals:         0       0       0       0       0       0
Total ram usage:        0 bytes
 Hardware stack levels used:    1
 This function calls:
		Nothing
 This function is called by:
		_PIN_MANAGER_IOC
 This function uses a non-reentrant model


 *************** function _I_EXPWR_intr *****************
 Defined at:
		line 228 in file "main.c"
 Parameters:    Size  Location     Type
		None
 Auto vars:     Size  Location     Type
		None
 Return value:  Size  Location     Type
		None               void
 Registers used:
		status,2
 Tracked objects:
		On entry : 
		On exit  : 
		Unchanged: 
 Data sizes:     COMMON   BANK0   BANK1   BANK2   BANK3   BANK4
      Params:         0       0       0       0       0       0
      Locals:         0       0       0       0       0       0
      Temps:          0       0       0       0       0       0
      Totals:         0       0       0       0       0       0
Total ram usage:        0 bytes
 Hardware stack levels used:    1
 This function calls:
		Nothing
 This function is called by:
		_PIN_MANAGER_IOC
 This function uses a non-reentrant model


 *************** function _I_CHRG_intr *****************
 Defined at:
		line 232 in file "main.c"
 Parameters:    Size  Location     Type
		None
 Auto vars:     Size  Location     Type
		None
 Return value:  Size  Location     Type
		None               void
 Registers used:
		status,2
 Tracked objects:
		On entry : 
		On exit  : 
		Unchanged: 
 Data sizes:     COMMON   BANK0   BANK1   BANK2   BANK3   BANK4
      Params:         0       0       0       0       0       0
      Locals:         0       0       0       0       0       0
      Temps:          0       0       0       0       0       0
      Totals:         0       0       0       0       0       0
Total ram usage:        0 bytes
 Hardware stack levels used:    1
 This function calls:
		Nothing
 This function is called by:
		_PIN_MANAGER_IOC
 This function uses a non-reentrant model


 *************** function _I2C2_ISR *****************
 Defined at:
		line 226 in file "mcc_generated_files/i2c2.c"
 Parameters:    Size  Location     Type
		None
 Auto vars:     Size  Location     Type
		None
 Return value:  Size  Location     Type
		None               void
 Registers used:
		wreg, fsr0l, fsr0h, fsr1l, fsr1h, status,2, status,0, pclath, cstack
 Tracked objects:
		On entry : 
		On exit  : 
		Unchanged: 
 Data sizes:     COMMON   BANK0   BANK1   BANK2   BANK3   BANK4
      Params:         0       0       0       0       0       0
      Locals:         0       0       0       0       0       0
      Temps:          4       0       0       0       0       0
      Totals:         4       0       0       0       0       0
Total ram usage:        4 bytes
 Hardware stack levels used:    1
 Hardware stack levels required when called:    1
 This function calls:
		_I2C2_FunctionComplete
		_I2C2_Stop
 This function is called by:
		_INTERRUPT_InterruptManager
 This function uses a non-reentrant model


 *************** function _I2C2_Stop *****************
 Defined at:
		line 530 in file "mcc_generated_files/i2c2.c"
 Parameters:    Size  Location     Type
  completion_c    1    wreg     enum E2801
 Auto vars:     Size  Location     Type
  completion_c    1    1[COMMON] enum E2801
 Return value:  Size  Location     Type
		None               void
 Registers used:
		wreg, fsr1l, fsr1h, status,2, status,0
 Tracked objects:
		On entry : 
		On exit  : 
		Unchanged: 
 Data sizes:     COMMON   BANK0   BANK1   BANK2   BANK3   BANK4
      Params:         0       0       0       0       0       0
      Locals:         1       0       0       0       0       0
      Temps:          1       0       0       0       0       0
      Totals:         2       0       0       0       0       0
Total ram usage:        2 bytes
 Hardware stack levels used:    1
 This function calls:
		Nothing
 This function is called by:
		_I2C2_ISR
 This function uses a non-reentrant model


 *************** function _I2C2_FunctionComplete *****************
 Defined at:
		line 516 in file "mcc_generated_files/i2c2.c"
 Parameters:    Size  Location     Type
		None
 Auto vars:     Size  Location     Type
		None
 Return value:  Size  Location     Type
		None               void
 Registers used:
		wreg, status,2, status,0
 Tracked objects:
		On entry : 
		On exit  : 
		Unchanged: 
 Data sizes:     COMMON   BANK0   BANK1   BANK2   BANK3   BANK4
      Params:         0       0       0       0       0       0
      Locals:         0       0       0       0       0       0
      Temps:          1       0       0       0       0       0
      Totals:         1       0       0       0       0       0
Total ram usage:        1 bytes
 Hardware stack levels used:    1
 This function calls:
		Nothing
 This function is called by:
		_I2C2_ISR
 This function uses a non-reentrant model


 *************** function _I2C2_BusCollisionISR *****************
 Defined at:
		line 656 in file "mcc_generated_files/i2c2.c"
 Parameters:    Size  Location     Type
		None
 Auto vars:     Size  Location     Type
		None
 Return value:  Size  Location     Type
		None               void
 Registers used:
		None
 Tracked objects:
		On entry : 
		On exit  : 
		Unchanged: 
 Data sizes:     COMMON   BANK0   BANK1   BANK2   BANK3   BANK4
      Params:         0       0       0       0       0       0
      Locals:         0       0       0       0       0       0
      Temps:          0       0       0       0       0       0
      Totals:         0       0       0       0       0       0
Total ram usage:        0 bytes
 Hardware stack levels used:    1
 This function calls:
		Nothing
 This function is called by:
		_INTERRUPT_InterruptManager
 This function uses a non-reentrant model



MODULE INFORMATION

Module		Function		Class		Link	Load	Size
/Applications/microchip/xc8/v1.35/sources/common/ftneg.c
		___ftneg       		CODE           	0FAE	0000	10

/Applications/microchip/xc8/v1.35/sources/common/ftneg.c estimated size: 10

/Applications/microchip/xc8/v1.35/sources/common/float.c
		___ftpack      		CODE           	059B	0000	101

/Applications/microchip/xc8/v1.35/sources/common/float.c estimated size: 101

mcc_generated_files/interrupt_manager.c
		_INTERRUPT_InterruptManager		CODE           	0004	0000	44

mcc_generated_files/interrupt_manager.c estimated size: 44

mcc_generated_files/tmr0.c
		_TMR0_ISR      		CODE           	0F9F	0000	8
		_TMR0_Initialize		CODE           	0FD5	0000	12

mcc_generated_files/tmr0.c estimated size: 20

mcc_generated_files/pin_manager.c
		_PIN_MANAGER_Initialize		CODE           	0707	0000	39
		_PIN_MANAGER_IOC		CODE           	06DA	0000	46

mcc_generated_files/pin_manager.c estimated size: 85

/Applications/microchip/xc8/v1.35/sources/common/ftge.c
		___ftge        		CODE           	063C	0000	60

/Applications/microchip/xc8/v1.35/sources/common/ftge.c estimated size: 60

/Applications/microchip/xc8/v1.35/sources/common/ftmul.c
		___ftmul       		CODE           	0351	0000	181

/Applications/microchip/xc8/v1.35/sources/common/ftmul.c estimated size: 181

/Applications/microchip/xc8/v1.35/sources/common/ftdiv.c
		___ftdiv       		CODE           	0405	0000	170

/Applications/microchip/xc8/v1.35/sources/common/ftdiv.c estimated size: 170

mcc_generated_files/adc.c
		_ADC_Initialize		CODE           	0FA6	0000	9
		_ADC_GetConversion		CODE           	07B9	0000	22

mcc_generated_files/adc.c estimated size: 31

/Applications/microchip/xc8/v1.35/sources/common/awtoft.c
		___awtoft      		CODE           	0751	0000	33

/Applications/microchip/xc8/v1.35/sources/common/awtoft.c estimated size: 33

shared
		__initialization		CODE           	0031	0000	29

shared estimated size: 29

/Applications/microchip/xc8/v1.35/sources/common/fttol.c
		___fttol       		CODE           	04AE	0000	136

/Applications/microchip/xc8/v1.35/sources/common/fttol.c estimated size: 136

mcc_generated_files/mcc.c
		_OSCILLATOR_Initialize		CODE           	0F93	0000	7
		_SYSTEM_Initialize		CODE           	0FE0	0000	16

mcc_generated_files/mcc.c estimated size: 23

mcc_generated_files/i2c2.c
		_I2C2_BusCollisionISR		CODE           	07FF	0000	2
		_I2C2_FunctionComplete		CODE           	07CE	0000	21
		_I2C2_ISR      		CODE           	0051	0000	336
		_I2C2_Initialize		CODE           	0771	0000	25
		_I2C2_Stop     		CODE           	07A1	0000	25

mcc_generated_files/i2c2.c estimated size: 409

/Applications/microchip/xc8/v1.35/sources/common/ftadd.c
		___ftadd       		CODE           	01A0	0000	247

/Applications/microchip/xc8/v1.35/sources/common/ftadd.c estimated size: 247

main.c
		_detectCharge  		CODE           	072D	0000	37
		_detectPowerOn 		CODE           	06AA	0000	49
		_ledPower      		CODE           	0FC1	0000	11
		_I_PWR_ON_intr 		CODE           	0F8E	0000	6
		_I_FAULT_intr  		CODE           	0F88	0000	4
		_ledCharge     		CODE           	0FEF	0000	18
		_main          		CODE           	07E2	0000	18
		_putPwrMsg     		CODE           	0296	0000	188
		_psPower       		CODE           	0FCB	0000	11
		_ledMessage    		CODE           	0FB7	0000	11
		_detectVBattery		CODE           	0535	0000	103
		_TMR0_CallBack 		CODE           	0677	0000	52
		_I_EXPWR_intr  		CODE           	0F85	0000	4
		_I_CHRG_intr   		CODE           	0F82	0000	4
		_setLedState   		CODE           	05FF	0000	62
		_initState     		CODE           	07F3	0000	13

main.c estimated size: 591

